// Jest Snapshot v1, https://goo.gl/fbAQLP

exports[`Display should match the snapshot with all data  1`] = `undefined`;
