// Jest Snapshot v1, https://goo.gl/fbAQLP

exports[`Answer should match the snapshot with all data passed in correctly 1`] = `
<div>
  <button
    className="next-question"
    onClick={[MockFunction]}
  >
    Click to Submit answer and change to next Question
  </button>
  <p />
</div>
`;
